Microchip MPLAB XC8 Compiler V1.40 ()

Linker command line:

-W-3 --edf=/Applications/microchip/xc8/v1.40/dat/en_msgs.txt -cs \
  -h+dist/default/production/UNCANNY_1.0.0.X.production.sym \
  --cmf=dist/default/production/UNCANNY_1.0.0.X.production.cmf -z -Q18F4620 \
  -o/tmp/xctf5025v -Mdist/default/production/UNCANNY_1.0.0.X.production.map \
  -E1 -ver=XC8 -ASTACK=0118h-0f7fh -pstack=STACK -ACODE=00h-0FFFFh \
  -ACONST=00h-0FFFFh -ASMALLCONST=01000h-010FFhx240 \
  -AMEDIUMCONST=01000h-0FFFFh -ACOMRAM=01h-07Fh -AABS1=00h-0F7Fh \
  -ABIGRAM=01h-0F7Fh -ARAM=080h-0FFh,0100h-01FFhx14,0F00h-0F7Fh \
  -ABANK0=080h-0FFh -ABANK1=0100h-01FFh -ABANK2=0200h-02FFh \
  -ABANK3=0300h-03FFh -ABANK4=0400h-04FFh -ABANK5=0500h-05FFh \
  -ABANK6=0600h-06FFh -ABANK7=0700h-07FFh -ABANK8=0800h-08FFh \
  -ABANK9=0900h-09FFh -ABANK10=0A00h-0AFFh -ABANK11=0B00h-0BFFh \
  -ABANK12=0C00h-0CFFh -ABANK13=0D00h-0DFFh -ABANK14=0E00h-0EFFh \
  -ABANK15=0F00h-0F7Fh -ASFR=0F80h-0FFFh \
  -preset_vec=00h,intcode=08h,intcodelo,powerup,init -pramtop=01000h \
  -psmallconst=SMALLCONST -pmediumconst=MEDIUMCONST -pconst=CONST \
  -AFARRAM=00h-00h -ACONFIG=0300000h-030000Dh -pconfig=CONFIG \
  -AIDLOC=0200000h-0200007h -pidloc=IDLOC -AEEDATA=0F00000h-0F003FFh \
  -peeprom_data=EEDATA \
  -prdata=COMRAM,nvrram=COMRAM,nvbit=COMRAM,rbss=COMRAM,rbit=COMRAM \
  -pfarbss=FARRAM,fardata=FARRAM,nvFARRAM=FARRAM \
  -pintsave_regs=BIGRAM,bigbss=BIGRAM,bigdata=BIGRAM -pbss=RAM \
  -pidata=CODE,irdata=CODE,ibigdata=CODE,ifardata=CODE -prparam=COMRAM \
  /tmp/xczsnnXOF.obj dist/default/production/UNCANNY_1.0.0.X.production.obj 

Object code version is 3.11

Machine type is 18F4620

Call graph: (short form)




                Name                               Link     Load   Length Selector   Space Scale
/tmp/xczsnnXOF.obj
                init                                  E        E        4        4       0
                reset_vec                             0        0        4        0       0
                idloc                            200000   200000        8   200000       0
                config                           300000   300000        E   300000       0
dist/default/production/UNCANNY_1.0.0.X.production.obj
                intcode                               8        8        6        4       0
                temp                                 7F       7F        1        1       1
                mediumconst                        FD86     FD86      27A     7EC3       0
                text66                             2C68     2C68       84        4       0
                text65                             2968     2968       AE        4       0
                text64                             303E     303E       5C        4       0
                text63                             325E     325E       38        4       0
                text62                             23E8     23E8       E6        4       0
                text61                             33A6     33A6       24        4       0
                text60                             19DE     19DE      1AC        4       0
                text59                             321E     321E       40        4       0
                text58                             220E     220E       F4        4       0
                text57                             3380     3380       26        4       0
                text56                             25AC     25AC       D2        4       0
                text55                             2D64     2D64       78        4       0
                text54                             2BD8     2BD8       90        4       0
                text53                             211A     211A       F4        4       0
                text52                             2B48     2B48       90        4       0
                text51                             24CE     24CE       DE        4       0
                text50                             267E     267E       C6        4       0
                text49                             17F6     17F6      1E8        4       0
                text48                             1D00     1D00      11E        4       0
                text47                             1B8A     1B8A      176        4       0
                text46                             1F2A     1F2A       FC        4       0
                text45                             344A     344A       12        4       0
                text44                             335A     335A       26        4       0
                text43                             34C0     34C0        8        4       0
                text42                             34B8     34B8        8        4       0
                text41                             349E     349E        A        4       0
                text40                             2E52     2E52       68        4       0
                text39                             2AB8     2AB8       90        4       0
                text38                             28B4     28B4       B4        4       0
                text37                             2800     2800       B4        4       0
                text36                             318E     318E       4E        4       0
                text35                             3488     3488        C        4       0
                text34                             30EC     30EC       52        4       0
                text33                             31DC     31DC       42        4       0
                text32                             33EC     33EC       1E        4       0
                text31                             347C     347C        C        4       0
                text30                              99A      99A      76A        4       0
                text29                             34CE     34CE        2        4       0
                intcode_body                       1104     1104      4D6        4       0
                text27                             2744     2744       BC        4       0
                text26                             2FDE     2FDE       60        4       0
                text25                             2A16     2A16       A2        4       0
                text24                             2F7E     2F7E       60        4       0
                text23                             346C     346C       10        4       0
                text22                             2CEC     2CEC       78        4       0
                text21                             2F1C     2F1C       62        4       0
                text20                             32CC     32CC       36        4       0
                text19                             3330     3330       2A        4       0
                text18                             345C     345C       10        4       0
                text17                               12       12      988        4       0
                text16                             1E1E     1E1E      10C        4       0
                text15                             3296     3296       36        4       0
                text14                             3436     3436       14        4       0
                text13                             15DA     15DA      21C        4       0
                text12                             33CA     33CA       22        4       0
                text11                             313E     313E       50        4       0
                text10                             34CC     34CC        2        4       0
                text9                              2302     2302       E6        4       0
                text8                              340A     340A       18        4       0
                text7                              3422     3422       14        4       0
                text6                              3302     3302       2E        4       0
                text5                              34B0     34B0        8        4       0
                text4                              34A8     34A8        8        4       0
                text3                              3494     3494        A        4       0
                text2                              2DDC     2DDC       76        4       0
                text1                              2EBA     2EBA       62        4       0
                text0                              2026     2026       F4        4       0
                cstackCOMRAM                          1        1       75        1       1
                cstackBANK0                          80       80       43       80       1
                cstackBANK1                         116      116        2      100       1
                bssBANK1                            100      100       16      100       1
                dataBANK0                            EB       EB        4       80       1
                bssBANK0                             C3       C3       28       80       1
                bssCOMRAM                            76       76        9        1       1
                cinit                              309A     309A       52        4       0
                idataBANK0                         34C8     34C8        4        4       0

TOTAL           Name                               Link     Load   Length     Space
        CLASS   STACK          

        CLASS   CODE           
                intcode                               8        8        6         0
                init                                  E        E        4         0
                reset_vec                             0        0        4         0
                text66                             2C68     2C68       84         0
                text65                             2968     2968       AE         0
                text64                             303E     303E       5C         0
                text63                             325E     325E       38         0
                text62                             23E8     23E8       E6         0
                text61                             33A6     33A6       24         0
                text60                             19DE     19DE      1AC         0
                text59                             321E     321E       40         0
                text58                             220E     220E       F4         0
                text57                             3380     3380       26         0
                text56                             25AC     25AC       D2         0
                text55                             2D64     2D64       78         0
                text54                             2BD8     2BD8       90         0
                text53                             211A     211A       F4         0
                text52                             2B48     2B48       90         0
                text51                             24CE     24CE       DE         0
                text50                             267E     267E       C6         0
                text49                             17F6     17F6      1E8         0
                text48                             1D00     1D00      11E         0
                text47                             1B8A     1B8A      176         0
                text46                             1F2A     1F2A       FC         0
                text45                             344A     344A       12         0
                text44                             335A     335A       26         0
                text43                             34C0     34C0        8         0
                text42                             34B8     34B8        8         0
                text41                             349E     349E        A         0
                text40                             2E52     2E52       68         0
                text39                             2AB8     2AB8       90         0
                text38                             28B4     28B4       B4         0
                text37                             2800     2800       B4         0
                text36                             318E     318E       4E         0
                text35                             3488     3488        C         0
                text34                             30EC     30EC       52         0
                text33                             31DC     31DC       42         0
                text32                             33EC     33EC       1E         0
                text31                             347C     347C        C         0
                text30                              99A      99A      76A         0
                text29                             34CE     34CE        2         0
                intcode_body                       1104     1104      4D6         0
                text27                             2744     2744       BC         0
                text26                             2FDE     2FDE       60         0
                text25                             2A16     2A16       A2         0
                text24                             2F7E     2F7E       60         0
                text23                             346C     346C       10         0
                text22                             2CEC     2CEC       78         0
                text21                             2F1C     2F1C       62         0
                text20                             32CC     32CC       36         0
                text19                             3330     3330       2A         0
                text18                             345C     345C       10         0
                text17                               12       12      988         0
                text16                             1E1E     1E1E      10C         0
                text15                             3296     3296       36         0
                text14                             3436     3436       14         0
                text13                             15DA     15DA      21C         0
                text12                             33CA     33CA       22         0
                text11                             313E     313E       50         0
                text10                             34CC     34CC        2         0
                text9                              2302     2302       E6         0
                text8                              340A     340A       18         0
                text7                              3422     3422       14         0
                text6                              3302     3302       2E         0
                text5                              34B0     34B0        8         0
                text4                              34A8     34A8        8         0
                text3                              3494     3494        A         0
                text2                              2DDC     2DDC       76         0
                text1                              2EBA     2EBA       62         0
                text0                              2026     2026       F4         0
                cinit                              309A     309A       52         0
                idataBANK0                         34C8     34C8        4         0

        CLASS   CONST          

        CLASS   SMALLCONST     

        CLASS   MEDIUMCONST    
                mediumconst                        FD86     FD86      27A         0

        CLASS   COMRAM         
                temp                                 7F       7F        1         1
                cstackCOMRAM                          1        1       75         1
                bssCOMRAM                            76       76        9         1

        CLASS   ABS1           

        CLASS   BIGRAM         

        CLASS   RAM            

        CLASS   BANK0          
                cstackBANK0                          80       80       43         1
                dataBANK0                            EB       EB        4         1
                bssBANK0                             C3       C3       28         1

        CLASS   BANK1          
                cstackBANK1                         116      116        2         1
                bssBANK1                            100      100       16         1

        CLASS   BANK2          

        CLASS   BANK3          

        CLASS   BANK4          

        CLASS   BANK5          

        CLASS   BANK6          

        CLASS   BANK7          

        CLASS   BANK8          

        CLASS   BANK9          

        CLASS   BANK10         

        CLASS   BANK11         

        CLASS   BANK12         

        CLASS   BANK13         

        CLASS   BANK14         

        CLASS   BANK15         

        CLASS   SFR            

        CLASS   FARRAM         

        CLASS   CONFIG         
                config                           300000   300000        E         0

        CLASS   IDLOC          
                idloc                            200000   200000        8         0

        CLASS   EEDATA         



SEGMENTS        Name                           Load    Length   Top    Selector   Space  Class

                reset_vec                      000000  000004  000004         0       0  CODE    
                cstackCOMRAM                   000001  00007F  000080         1       1  COMRAM  
                intcode                        000008  0034C8  0034D0         4       0  CODE    
                cstackBANK0                    000080  00006F  0000EF        80       1  BANK0   
                bssBANK1                       000100  000018  000118       100       1  BANK1   
                mediumconst                    00FD86  00027A  010000      7EC3       0  MEDIUMCO
                idloc                          200000  000008  200008    200000       0  IDLOC   
                config                         300000  00000E  30000E    300000       0  CONFIG  


UNUSED ADDRESS RANGES

        Name                Unused          Largest block    Delta
        BANK0            0000EF-0000FF               11
        BANK1            000118-0001FF               E8
        BANK10           000A00-000AFF              100
        BANK11           000B00-000BFF              100
        BANK12           000C00-000CFF              100
        BANK13           000D00-000DFF              100
        BANK14           000E00-000EFF              100
        BANK15           000F00-000F7F               80
        BANK2            000200-0002FF              100
        BANK3            000300-0003FF              100
        BANK4            000400-0004FF              100
        BANK5            000500-0005FF              100
        BANK6            000600-0006FF              100
        BANK7            000700-0007FF              100
        BANK8            000800-0008FF              100
        BANK9            000900-0009FF              100
        BIGRAM           0000EF-0000FF               11
                         000118-000F7F              E68
        CODE             000004-000007                4
                         0034D0-00FD85             C8B6
        CONST            000004-000007                4
                         0034D0-00FD85             C8B6
        EEDATA           F00000-F003FF              400
        MEDIUMCONST      0034D0-00FD85             C8B6
        RAM              0000EF-0000FF               11
                         000118-000F7F              100
        SFR              000F80-000FFF               80
        SMALLCONST       0034D0-00FD85              100
        STACK            000118-000F7F              E68

                                  Symbol Table

?___altoft                   cstackCOMRAM 000037
?___awdiv                    cstackCOMRAM 000007
?___awmod                    cstackBANK0  000090
?___awtoft                   cstackCOMRAM 000009
?___ftadd                    cstackCOMRAM 00001C
?___ftdiv                    cstackCOMRAM 000009
?___ftmul                    cstackCOMRAM 00000D
?___ftneg                    cstackCOMRAM 000001
?___ftpack                   cstackCOMRAM 000001
?___ftsub                    cstackCOMRAM 000028
?___fttol                    cstackCOMRAM 000028
?___lldiv                    cstackBANK0  000090
?___lltoft                   cstackCOMRAM 000009
?___lwdiv                    cstackBANK0  000090
?___lwmod                    cstackBANK0  000097
?___wmul                     cstackBANK0  000090
?_dec_to_hex                 cstackCOMRAM 000063
?_eval_poly                  cstackCOMRAM 000028
?_exp                        cstackCOMRAM 000049
?_floor                      cstackCOMRAM 000041
?_frexp                      cstackCOMRAM 000001
?_ldexp                      cstackCOMRAM 000034
?_log                        cstackCOMRAM 000034
?_pow                        cstackCOMRAM 000052
?_printf                     cstackBANK0  00009C
?i2___lwdiv                  cstackCOMRAM 000001
?i2___lwmod                  cstackCOMRAM 000008
?i2___wmul                   cstackCOMRAM 000001
?i2_printf                   cstackCOMRAM 00000D
I2C_Master_Init@c            cstackBANK0  00009D
I2C_Master_Read@a            cstackBANK0  000091
I2C_Master_Read@temp         cstackBANK0  000092
I2C_Master_Write@d           cstackBANK0  000091
_ACKDT                       (abs)        007E2D
_ACKEN                       (abs)        007E2C
_ADCON0                      (abs)        000FC2
_ADCON1                      (abs)        000FC1
_ADFM                        (abs)        007E07
_CVRCON                      (abs)        000FB5
_GIE                         (abs)        007F97
_I2C_Master_Init             text26       002FDE
_I2C_Master_Read             text6        003302
_I2C_Master_Start            text5        0034B0
_I2C_Master_Stop             text4        0034A8
_I2C_Master_Wait             text7        003422
_I2C_Master_Write            text3        003494
_INT0IE                      (abs)        007F94
_INT0IF                      (abs)        007F91
_INT1IE                      (abs)        007F83
_INT1IF                      (abs)        007F80
_INT2IE                      (abs)        007F84
_INT2IF                      (abs)        007F81
_INTCONbits                  (abs)        000FF2
_LATA                        (abs)        000F89
_LATAbits                    (abs)        000F89
_LATB                        (abs)        000F8A
_LATC                        (abs)        000F8B
_LATCbits                    (abs)        000F8B
_LATD                        (abs)        000F8C
_LATDbits                    (abs)        000F8C
_LATE                        (abs)        000F8D
_OSCCON                      (abs)        000FD3
_OSCTUNEbits                 (abs)        000F9B
_PEN                         (abs)        007E2A
_POPCAN_NOTAB_count          bssBANK0     0000CA
_POPCAN_TAB_count            bssBANK0     0000CC
_PORTAbits                   (abs)        000F80
_PORTB                       (abs)        000F81
_PORTBbits                   (abs)        000F81
_PSA                         (abs)        007EAB
_RCEN                        (abs)        007E2B
_RSEN                        (abs)        007E29
_SEN                         (abs)        007E28
_SOUP_LBL_count              bssBANK0     0000CE
_SOUP_NOLBL_COUNT            bssBANK0     0000D0
_SSPADD                      (abs)        000FC8
_SSPBUF                      (abs)        000FC9
_SSPCON1                     (abs)        000FC6
_SSPCON2                     (abs)        000FC5
_SSPSTAT                     (abs)        000FC7
_T08BIT                      (abs)        007EAE
_T0CS                        (abs)        007EAD
_T0PS0                       (abs)        007EA8
_T0PS1                       (abs)        007EA9
_T0PS2                       (abs)        007EAA
_TMR0                        (abs)        000FD6
_TMR0IE                      (abs)        007F95
_TMR0IF                      (abs)        007F92
_TMR0ON                      (abs)        007EAF
_TRISA                       (abs)        000F92
_TRISB                       (abs)        000F93
_TRISC                       (abs)        000F94
_TRISC3                      (abs)        007CA3
_TRISC4                      (abs)        007CA4
_TRISD                       (abs)        000F95
_TRISE                       (abs)        000F96
__CFG_BOREN$SBORDIS          (abs)        000000
__CFG_BORV$3                 (abs)        000000
__CFG_CCP2MX$PORTC           (abs)        000000
__CFG_CP0$OFF                (abs)        000000
__CFG_CP1$OFF                (abs)        000000
__CFG_CP2$OFF                (abs)        000000
__CFG_CP3$OFF                (abs)        000000
__CFG_CPB$OFF                (abs)        000000
__CFG_CPD$OFF                (abs)        000000
__CFG_EBTR0$OFF              (abs)        000000
__CFG_EBTR1$OFF              (abs)        000000
__CFG_EBTR2$OFF              (abs)        000000
__CFG_EBTR3$OFF              (abs)        000000
__CFG_EBTRB$OFF              (abs)        000000
__CFG_FCMEN$OFF              (abs)        000000
__CFG_IESO$OFF               (abs)        000000
__CFG_LPT1OSC$OFF            (abs)        000000
__CFG_LVP$OFF                (abs)        000000
__CFG_MCLRE$ON               (abs)        000000
__CFG_OSC$HS                 (abs)        000000
__CFG_PBADEN$ON              (abs)        000000
__CFG_PWRT$OFF               (abs)        000000
__CFG_STVREN$ON              (abs)        000000
__CFG_WDT$OFF                (abs)        000000
__CFG_WDTPS$32768            (abs)        000000
__CFG_WRT0$OFF               (abs)        000000
__CFG_WRT1$OFF               (abs)        000000
__CFG_WRT2$OFF               (abs)        000000
__CFG_WRT3$OFF               (abs)        000000
__CFG_WRTB$OFF               (abs)        000000
__CFG_WRTC$OFF               (abs)        000000
__CFG_WRTD$OFF               (abs)        000000
__CFG_XINST$OFF              (abs)        000000
__HRAM                       (abs)        000000
__Habs1                      abs1         000000
__Hbank0                     bank0        000000
__Hbank1                     bank1        000000
__Hbank10                    bank10       000000
__Hbank11                    bank11       000000
__Hbank12                    bank12       000000
__Hbank13                    bank13       000000
__Hbank14                    bank14       000000
__Hbank15                    bank15       000000
__Hbank2                     bank2        000000
__Hbank3                     bank3        000000
__Hbank4                     bank4        000000
__Hbank5                     bank5        000000
__Hbank6                     bank6        000000
__Hbank7                     bank7        000000
__Hbank8                     bank8        000000
__Hbank9                     bank9        000000
__Hbigbss                    bigbss       000000
__Hbigdata                   bigdata      000000
__Hbigram                    bigram       000000
__Hbss                       bss          000000
__HbssBANK0                  bssBANK0     000000
__HbssBANK1                  bssBANK1     000000
__HbssCOMRAM                 bssCOMRAM    000000
__Hcinit                     cinit        000000
__Hclrtext                   clrtext      000000
__Hcomram                    comram       000000
__Hconfig                    config       30000E
__Hconst                     const        000000
__HcstackBANK0               cstackBANK0  000000
__HcstackBANK1               cstackBANK1  000000
__HcstackCOMRAM              cstackCOMRAM 000000
__Hdata                      data         000000
__HdataBANK0                 dataBANK0    000000
__Heeprom_data               eeprom_data  000000
__Hfarbss                    farbss       000000
__Hfardata                   fardata      000000
__Hibigdata                  ibigdata     000000
__Hidata                     idata        000000
__HidataBANK0                idataBANK0   000000
__Hidloc                     idloc        200008
__Hifardata                  ifardata     000000
__Hinit                      init         000012
__Hintcode                   intcode      00000E
__Hintcode_body              intcode_body 000000
__Hintcodelo                 intcodelo    00000E
__Hintentry                  intentry     000000
__Hintret                    intret       000000
__Hintsave_regs              intsave_regs 000000
__Hirdata                    irdata       000000
__Hmediumconst               mediumconst  010000
__HnvFARRAM                  nvFARRAM     000000
__Hnvbit                     nvbit        000000
__Hnvrram                    nvrram       000000
__Hparam                     rparam       000000
__Hpowerup                   powerup      00000E
__Hram                       ram          000000
__Hramtop                    ramtop       001000
__Hrbit                      rbit         000000
__Hrbss                      rbss         000000
__Hrdata                     rdata        000000
__Hreset_vec                 reset_vec    000004
__Hrparam                    rparam       000000
__Hsfr                       sfr          000000
__Hsmallconst                smallconst   000000
__Hspace_0                   (abs)        30000E
__Hspace_1                   (abs)        000118
__Hspace_2                   (abs)        000000
__Hstack                     stack        000000
__Hstruct                    struct       000000
__Htemp                      temp         000080
__Htext                      text         000000
__Htext0                     text0        000000
__Htext1                     text1        000000
__Htext10                    text10       000000
__Htext11                    text11       000000
__Htext12                    text12       000000
__Htext13                    text13       000000
__Htext14                    text14       000000
__Htext15                    text15       000000
__Htext16                    text16       000000
__Htext17                    text17       000000
__Htext18                    text18       000000
__Htext19                    text19       000000
__Htext2                     text2        000000
__Htext20                    text20       000000
__Htext21                    text21       000000
__Htext22                    text22       000000
__Htext23                    text23       000000
__Htext24                    text24       000000
__Htext25                    text25       000000
__Htext26                    text26       000000
__Htext27                    text27       000000
__Htext29                    text29       000000
__Htext3                     text3        000000
__Htext30                    text30       000000
__Htext31                    text31       000000
__Htext32                    text32       000000
__Htext33                    text33       000000
__Htext34                    text34       000000
__Htext35                    text35       000000
__Htext36                    text36       000000
__Htext37                    text37       000000
__Htext38                    text38       000000
__Htext39                    text39       000000
__Htext4                     text4        000000
__Htext40                    text40       000000
__Htext41                    text41       000000
__Htext42                    text42       000000
__Htext43                    text43       000000
__Htext44                    text44       000000
__Htext45                    text45       000000
__Htext46                    text46       000000
__Htext47                    text47       000000
__Htext48                    text48       000000
__Htext49                    text49       000000
__Htext5                     text5        000000
__Htext50                    text50       000000
__Htext51                    text51       000000
__Htext52                    text52       000000
__Htext53                    text53       000000
__Htext54                    text54       000000
__Htext55                    text55       000000
__Htext56                    text56       000000
__Htext57                    text57       000000
__Htext58                    text58       000000
__Htext59                    text59       000000
__Htext6                     text6        000000
__Htext60                    text60       000000
__Htext61                    text61       000000
__Htext62                    text62       000000
__Htext63                    text63       000000
__Htext64                    text64       000000
__Htext65                    text65       000000
__Htext66                    text66       000000
__Htext7                     text7        000000
__Htext8                     text8        000000
__Htext9                     text9        000000
__LRAM                       (abs)        000001
__Labs1                      abs1         000000
__Lbank0                     bank0        000000
__Lbank1                     bank1        000000
__Lbank10                    bank10       000000
__Lbank11                    bank11       000000
__Lbank12                    bank12       000000
__Lbank13                    bank13       000000
__Lbank14                    bank14       000000
__Lbank15                    bank15       000000
__Lbank2                     bank2        000000
__Lbank3                     bank3        000000
__Lbank4                     bank4        000000
__Lbank5                     bank5        000000
__Lbank6                     bank6        000000
__Lbank7                     bank7        000000
__Lbank8                     bank8        000000
__Lbank9                     bank9        000000
__Lbigbss                    bigbss       000000
__Lbigdata                   bigdata      000000
__Lbigram                    bigram       000000
__Lbss                       bss          000000
__LbssBANK0                  bssBANK0     000000
__LbssBANK1                  bssBANK1     000000
__LbssCOMRAM                 bssCOMRAM    000000
__Lcinit                     cinit        000000
__Lclrtext                   clrtext      000000
__Lcomram                    comram       000000
__Lconfig                    config       300000
__Lconst                     const        000000
__LcstackBANK0               cstackBANK0  000000
__LcstackBANK1               cstackBANK1  000000
__LcstackCOMRAM              cstackCOMRAM 000000
__Ldata                      data         000000
__LdataBANK0                 dataBANK0    000000
__Leeprom_data               eeprom_data  000000
__Lfarbss                    farbss       000000
__Lfardata                   fardata      000000
__Libigdata                  ibigdata     000000
__Lidata                     idata        000000
__LidataBANK0                idataBANK0   000000
__Lidloc                     idloc        200000
__Lifardata                  ifardata     000000
__Linit                      init         00000E
__Lintcode                   intcode      000008
__Lintcode_body              intcode_body 000000
__Lintcodelo                 intcodelo    00000E
__Lintentry                  intentry     000000
__Lintret                    intret       000000
__Lintsave_regs              intsave_regs 000000
__Lirdata                    irdata       000000
__Lmediumconst               mediumconst  00FD86
__LnvFARRAM                  nvFARRAM     000000
__Lnvbit                     nvbit        000000
__Lnvrram                    nvrram       000000
__Lparam                     rparam       000000
__Lpowerup                   powerup      00000E
__Lram                       ram          000000
__Lramtop                    ramtop       001000
__Lrbit                      rbit         000000
__Lrbss                      rbss         000000
__Lrdata                     rdata        000000
__Lreset_vec                 reset_vec    000000
__Lrparam                    rparam       000000
__Lsfr                       sfr          000000
__Lsmallconst                smallconst   000000
__Lspace_0                   (abs)        000000
__Lspace_1                   (abs)        000000
__Lspace_2                   (abs)        000000
__Lstack                     stack        000000
__Lstruct                    struct       000000
__Ltemp                      temp         00007F
__Ltext                      text         000000
__Ltext0                     text0        000000
__Ltext1                     text1        000000
__Ltext10                    text10       000000
__Ltext11                    text11       000000
__Ltext12                    text12       000000
__Ltext13                    text13       000000
__Ltext14                    text14       000000
__Ltext15                    text15       000000
__Ltext16                    text16       000000
__Ltext17                    text17       000000
__Ltext18                    text18       000000
__Ltext19                    text19       000000
__Ltext2                     text2        000000
__Ltext20                    text20       000000
__Ltext21                    text21       000000
__Ltext22                    text22       000000
__Ltext23                    text23       000000
__Ltext24                    text24       000000
__Ltext25                    text25       000000
__Ltext26                    text26       000000
__Ltext27                    text27       000000
__Ltext29                    text29       000000
__Ltext3                     text3        000000
__Ltext30                    text30       000000
__Ltext31                    text31       000000
__Ltext32                    text32       000000
__Ltext33                    text33       000000
__Ltext34                    text34       000000
__Ltext35                    text35       000000
__Ltext36                    text36       000000
__Ltext37                    text37       000000
__Ltext38                    text38       000000
__Ltext39                    text39       000000
__Ltext4                     text4        000000
__Ltext40                    text40       000000
__Ltext41                    text41       000000
__Ltext42                    text42       000000
__Ltext43                    text43       000000
__Ltext44                    text44       000000
__Ltext45                    text45       000000
__Ltext46                    text46       000000
__Ltext47                    text47       000000
__Ltext48                    text48       000000
__Ltext49                    text49       000000
__Ltext5                     text5        000000
__Ltext50                    text50       000000
__Ltext51                    text51       000000
__Ltext52                    text52       000000
__Ltext53                    text53       000000
__Ltext54                    text54       000000
__Ltext55                    text55       000000
__Ltext56                    text56       000000
__Ltext57                    text57       000000
__Ltext58                    text58       000000
__Ltext59                    text59       000000
__Ltext6                     text6        000000
__Ltext60                    text60       000000
__Ltext61                    text61       000000
__Ltext62                    text62       000000
__Ltext63                    text63       000000
__Ltext64                    text64       000000
__Ltext65                    text65       000000
__Ltext66                    text66       000000
__Ltext7                     text7        000000
__Ltext8                     text8        000000
__Ltext9                     text9        000000
__S0                         (abs)        30000E
__S1                         (abs)        000118
__S2                         (abs)        000000
___altoft                    text55       002D64
___altoft@c                  cstackCOMRAM 000037
___altoft@exp                cstackCOMRAM 00003F
___altoft@sign               cstackCOMRAM 000040
___awdiv                     text66       002C68
___awdiv@counter             cstackCOMRAM 00000B
___awdiv@dividend            cstackCOMRAM 000007
___awdiv@divisor             cstackCOMRAM 000009
___awdiv@quotient            cstackCOMRAM 00000D
___awdiv@sign                cstackCOMRAM 00000C
___awmod                     text25       002A16
___awmod@counter             cstackBANK0  000094
___awmod@dividend            cstackBANK0  000090
___awmod@divisor             cstackBANK0  000092
___awmod@sign                cstackBANK0  000095
___awtoft                    text63       00325E
___awtoft@c                  cstackCOMRAM 000009
___awtoft@sign               cstackCOMRAM 00000C
___ftadd                     text60       0019DE
___ftadd@exp1                cstackCOMRAM 000027
___ftadd@exp2                cstackCOMRAM 000026
___ftadd@f1                  cstackCOMRAM 00001C
___ftadd@f2                  cstackCOMRAM 00001F
___ftadd@sign                cstackCOMRAM 000025
___ftdiv                     text62       0023E8
___ftdiv@cntr                cstackCOMRAM 000012
___ftdiv@exp                 cstackCOMRAM 000016
___ftdiv@f1                  cstackCOMRAM 000009
___ftdiv@f2                  cstackCOMRAM 00000C
___ftdiv@f3                  cstackCOMRAM 000013
___ftdiv@sign                cstackCOMRAM 000017
___ftge                      text54       002BD8
___ftge@ff1                  cstackCOMRAM 000001
___ftge@ff2                  cstackCOMRAM 000004
___ftmul                     text58       00220E
___ftmul@cntr                cstackCOMRAM 00001A
___ftmul@exp                 cstackCOMRAM 000016
___ftmul@f1                  cstackCOMRAM 00000D
___ftmul@f2                  cstackCOMRAM 000010
___ftmul@f3_as_product       cstackCOMRAM 000017
___ftmul@sign                cstackCOMRAM 00001B
___ftneg                     text61       0033A6
___ftneg@f1                  cstackCOMRAM 000001
___ftpack                    text65       002968
___ftpack@arg                cstackCOMRAM 000001
___ftpack@exp                cstackCOMRAM 000004
___ftpack@sign               cstackCOMRAM 000005
___ftsub                     text59       00321E
___ftsub@f1                  cstackCOMRAM 000028
___ftsub@f2                  cstackCOMRAM 00002B
___fttol                     text53       00211A
___fttol@exp1                cstackCOMRAM 000036
___fttol@f1                  cstackCOMRAM 000028
___fttol@lval                cstackCOMRAM 000032
___fttol@sign1               cstackCOMRAM 000031
___inthi_sp                  stack        000000
___intlo_sp                  stack        000000
___lldiv                     text27       002744
___lldiv@counter             cstackBANK0  00009C
___lldiv@dividend            cstackBANK0  000090
___lldiv@divisor             cstackBANK0  000094
___lldiv@quotient            cstackBANK0  000098
___lltoft                    text64       00303E
___lltoft@c                  cstackCOMRAM 000009
___lltoft@exp                cstackCOMRAM 000011
___lwdiv                     text22       002CEC
___lwdiv@counter             cstackBANK0  000096
___lwdiv@dividend            cstackBANK0  000090
___lwdiv@divisor             cstackBANK0  000092
___lwdiv@quotient            cstackBANK0  000094
___lwmod                     text21       002F1C
___lwmod@counter             cstackBANK0  00009B
___lwmod@dividend            cstackBANK0  000097
___lwmod@divisor             cstackBANK0  000099
___param_bank                (abs)        000000
___rparam_used               (abs)        000001
___sp                        stack        000000
___wmul                      text20       0032CC
___wmul@multiplicand         cstackBANK0  000092
___wmul@multiplier           cstackBANK0  000090
___wmul@product              cstackBANK0  000094
__accesstop                  (abs)        000080
__activetblptr               (abs)        000002
__end_of_I2C_Master_Init     text26       00303E
__end_of_I2C_Master_Read     text6        003330
__end_of_I2C_Master_Start    text5        0034B8
__end_of_I2C_Master_Stop     text4        0034B0
__end_of_I2C_Master_Wait     text7        003436
__end_of_I2C_Master_Write    text3        00349E
__end_of___altoft            text55       002DDC
__end_of___awdiv             text66       002CEC
__end_of___awmod             text25       002AB8
__end_of___awtoft            text63       003296
__end_of___ftadd             text60       001B8A
__end_of___ftdiv             text62       0024CE
__end_of___ftge              text54       002C68
__end_of___ftmul             text58       002302
__end_of___ftneg             text61       0033CA
__end_of___ftpack            text65       002A16
__end_of___ftsub             text59       00325E
__end_of___fttol             text53       00220E
__end_of___lldiv             text27       002800
__end_of___lltoft            text64       00309A
__end_of___lwdiv             text22       002D64
__end_of___lwmod             text21       002F7E
__end_of___wmul              text20       003302
__end_of__initialization     cinit        0030DE
__end_of_bottle_count        text16       001F2A
__end_of_bottle_time         text15       0032CC
__end_of_currentTime         mediumconst  00FDBD
__end_of_dec_to_hex          text46       002026
__end_of_display_log         text13       0017F6
__end_of_dpowers             mediumconst  00FDAE
__end_of_emergencystop       text12       0033EC
__end_of_eval_poly           text56       00267E
__end_of_exp                 text49       0019DE
__end_of_floor               text51       0025AC
__end_of_frexp               text52       002BD8
__end_of_getRTC              text2        002E52
__end_of_hexpowers           mediumconst  00FDB6
__end_of_initLCD             text11       00318E
__end_of_isdigit             text19       00335A
__end_of_isr                 intcode_body 0015DA
__end_of_keycheck            text14       00344A
__end_of_keys                mediumconst  00FD98
__end_of_lcdInst             text23       00347C
__end_of_lcdNibble           text24       002FDE
__end_of_ldexp               text50       002744
__end_of_log                 text48       001E1E
__end_of_main                text0        00211A
__end_of_octpowers           mediumconst  00FDA4
__end_of_operation           text9        0023E8
__end_of_operationend        text8        003422
__end_of_pow                 text47       001D00
__end_of_printf              text17       00099A
__end_of_putch               text18       00346C
__end_of_read_sensor         text10       0034CE
__end_of_read_time           text40       002EBA
__end_of_servo_rotate0       text39       002B48
__end_of_servo_rotate1       text38       002968
__end_of_servo_rotate2       text37       0028B4
__end_of_standby             text1        002F1C
__end_ofexp@coeff            mediumconst  00FDDB
__end_ofi2_I2C_Master_Read   text44       003380
__end_ofi2_I2C_Master_Start  text43       0034C8
__end_ofi2_I2C_Master_Stop   text42       0034C0
__end_ofi2_I2C_Master_Wait   text45       00345C
__end_ofi2_I2C_Master_Write  text41       0034A8
__end_ofi2___lwdiv           text34       00313E
__end_ofi2___lwmod           text33       00321E
__end_ofi2___wmul            text57       0033A6
__end_ofi2_isdigit           text32       00340A
__end_ofi2_lcdInst           text35       003494
__end_ofi2_lcdNibble         text36       0031DC
__end_ofi2_printf            text30       001104
__end_ofi2_putch             text31       003488
__end_ofi2_read_sensor       text29       0034D0
__end_oflog@coeff            mediumconst  00FDF6
__initialization             cinit        00309A
__mediumconst                mediumconst  00FD86
__pbssBANK0                  bssBANK0     0000C3
__pbssBANK1                  bssBANK1     000100
__pbssCOMRAM                 bssCOMRAM    000076
__pcinit                     cinit        00309A
__pcstackBANK0               cstackBANK0  000080
__pcstackBANK1               cstackBANK1  000116
__pcstackCOMRAM              cstackCOMRAM 000001
__pdataBANK0                 dataBANK0    0000EB
__pidataBANK0                idataBANK0   0034C8
__pintcode                   intcode      000008
__pintcode_body              intcode_body 001104
__pmediumconst               mediumconst  00FD86
__ptext0                     text0        002026
__ptext1                     text1        002EBA
__ptext10                    text10       0034CC
__ptext11                    text11       00313E
__ptext12                    text12       0033CA
__ptext13                    text13       0015DA
__ptext14                    text14       003436
__ptext15                    text15       003296
__ptext16                    text16       001E1E
__ptext17                    text17       000012
__ptext18                    text18       00345C
__ptext19                    text19       003330
__ptext2                     text2        002DDC
__ptext20                    text20       0032CC
__ptext21                    text21       002F1C
__ptext22                    text22       002CEC
__ptext23                    text23       00346C
__ptext24                    text24       002F7E
__ptext25                    text25       002A16
__ptext26                    text26       002FDE
__ptext27                    text27       002744
__ptext29                    text29       0034CE
__ptext3                     text3        003494
__ptext30                    text30       00099A
__ptext31                    text31       00347C
__ptext32                    text32       0033EC
__ptext33                    text33       0031DC
__ptext34                    text34       0030EC
__ptext35                    text35       003488
__ptext36                    text36       00318E
__ptext37                    text37       002800
__ptext38                    text38       0028B4
__ptext39                    text39       002AB8
__ptext4                     text4        0034A8
__ptext40                    text40       002E52
__ptext41                    text41       00349E
__ptext42                    text42       0034B8
__ptext43                    text43       0034C0
__ptext44                    text44       00335A
__ptext45                    text45       00344A
__ptext46                    text46       001F2A
__ptext47                    text47       001B8A
__ptext48                    text48       001D00
__ptext49                    text49       0017F6
__ptext5                     text5        0034B0
__ptext50                    text50       00267E
__ptext51                    text51       0024CE
__ptext52                    text52       002B48
__ptext53                    text53       00211A
__ptext54                    text54       002BD8
__ptext55                    text55       002D64
__ptext56                    text56       0025AC
__ptext57                    text57       003380
__ptext58                    text58       00220E
__ptext59                    text59       00321E
__ptext6                     text6        003302
__ptext60                    text60       0019DE
__ptext61                    text61       0033A6
__ptext62                    text62       0023E8
__ptext63                    text63       00325E
__ptext64                    text64       00303E
__ptext65                    text65       002968
__ptext66                    text66       002C68
__ptext7                     text7        003422
__ptext8                     text8        00340A
__ptext9                     text9        002302
__ramtop                     ramtop       001000
__size_of_I2C_Master_Init    (abs)        000000
__size_of_I2C_Master_Read    (abs)        000000
__size_of_I2C_Master_Start   (abs)        000000
__size_of_I2C_Master_Stop    (abs)        000000
__size_of_I2C_Master_Wait    (abs)        000000
__size_of_I2C_Master_Write   (abs)        000000
__size_of___altoft           (abs)        000000
__size_of___awdiv            (abs)        000000
__size_of___awmod            (abs)        000000
__size_of___awtoft           (abs)        000000
__size_of___ftadd            (abs)        000000
__size_of___ftdiv            (abs)        000000
__size_of___ftge             (abs)        000000
__size_of___ftmul            (abs)        000000
__size_of___ftneg            (abs)        000000
__size_of___ftpack           (abs)        000000
__size_of___ftsub            (abs)        000000
__size_of___fttol            (abs)        000000
__size_of___lldiv            (abs)        000000
__size_of___lltoft           (abs)        000000
__size_of___lwdiv            (abs)        000000
__size_of___lwmod            (abs)        000000
__size_of___wmul             (abs)        000000
__size_of_bottle_count       (abs)        000000
__size_of_bottle_time        (abs)        000000
__size_of_dec_to_hex         (abs)        000000
__size_of_display_log        (abs)        000000
__size_of_emergencystop      (abs)        000000
__size_of_eval_poly          (abs)        000000
__size_of_exp                (abs)        000000
__size_of_floor              (abs)        000000
__size_of_frexp              (abs)        000000
__size_of_getRTC             (abs)        000000
__size_of_initLCD            (abs)        000000
__size_of_isdigit            (abs)        000000
__size_of_isr                (abs)        000000
__size_of_keycheck           (abs)        000000
__size_of_lcdInst            (abs)        000000
__size_of_lcdNibble          (abs)        000000
__size_of_ldexp              (abs)        000000
__size_of_log                (abs)        000000
__size_of_main               (abs)        000000
__size_of_operation          (abs)        000000
__size_of_operationend       (abs)        000000
__size_of_pow                (abs)        000000
__size_of_printf             (abs)        000000
__size_of_putch              (abs)        000000
__size_of_read_sensor        (abs)        000000
__size_of_read_time          (abs)        000000
__size_of_servo_rotate0      (abs)        000000
__size_of_servo_rotate1      (abs)        000000
__size_of_servo_rotate2      (abs)        000000
__size_of_standby            (abs)        000000
__size_ofi2_I2C_Master_Read  (abs)        000000
__size_ofi2_I2C_Master_Start (abs)        000000
__size_ofi2_I2C_Master_Stop  (abs)        000000
__size_ofi2_I2C_Master_Wait  (abs)        000000
__size_ofi2_I2C_Master_Write (abs)        000000
__size_ofi2___lwdiv          (abs)        000000
__size_ofi2___lwmod          (abs)        000000
__size_ofi2___wmul           (abs)        000000
__size_ofi2_isdigit          (abs)        000000
__size_ofi2_lcdInst          (abs)        000000
__size_ofi2_lcdNibble        (abs)        000000
__size_ofi2_printf           (abs)        000000
__size_ofi2_putch            (abs)        000000
__size_ofi2_read_sensor      (abs)        000000
__smallconst                 smallconst   000000
_bottle_count                text16       001E1E
_bottle_time                 text15       003296
_bottlequeue                 bssBANK1     000100
_bottlequeue_head            bssBANK0     0000D2
_bottlequeue_tail            bssBANK0     0000D4
_can_count_disp              dataBANK0    0000EB
_curr_state                  bssBANK0     0000EA
_currentTime                 mediumconst  00FDB6
_data                        bssBANK0     0000D6
_dec_to_hex                  text46       001F2A
_dec_to_hex$1406             cstackCOMRAM 000065
_dec_to_hex$1407             cstackCOMRAM 000068
_display_log                 text13       0015DA
_dpowers                     mediumconst  00FDA4
_emergencystop               text12       0033CA
_end_time                    bssCOMRAM    000076
_errno                       bssBANK0     0000D8
_eska_count                  bssBANK0     0000DA
_eskacap_count               bssBANK0     0000DC
_eskacaplbl_count            bssBANK0     0000DE
_eskalbl_count               bssBANK0     0000E0
_etime                       bssCOMRAM    000078
_eval_poly                   text56       0025AC
_exp                         text49       0017F6
_exp$1410                    cstackCOMRAM 00004C
_floor                       text51       0024CE
_frexp                       text52       002B48
_getRTC                      text2        002DDC
_hexpowers                   mediumconst  00FDAE
_initLCD                     text11       00313E
_isdigit                     text19       003330
_isdigit$962                 cstackBANK0  000091
_isr                         intcode      000008
_isr$1501                    cstackCOMRAM 000074
_keycheck                    text14       003436
_keypress                    bssCOMRAM    00007E
_keys                        mediumconst  00FD87
_lcdInst                     text23       00346C
_lcdNibble                   text24       002F7E
_ldexp                       text50       00267E
_log                         text48       001D00
_log_position                dataBANK0    0000ED
_main                        text0        002026
_nRBPU                       (abs)        007F8F
_octpowers                   mediumconst  00FD98
_operation                   text9        002302
_operation_disp              bssBANK0     0000E2
_operation_time              bssBANK0     0000E4
_operationend                text8        00340A
_pow                         text47       001B8A
_pow$1408                    cstackCOMRAM 000058
_pow$1409                    cstackCOMRAM 00005B
_printf                      text17       000012
_printf$741                  cstackBANK0  0000AE
_printf$742                  cstackBANK0  0000B0
_printf$748                  cstackBANK0  0000B2
_putch                       text18       00345C
_read_sensor                 text10       0034CC
_read_time                   text40       002E52
_servo_rotate0               text39       002AB8
_servo_rotate1               text38       0028B4
_servo_rotate2               text37       002800
_standby                     text1        002EBA
_start_time                  bssCOMRAM    00007A
_stime                       bssCOMRAM    00007C
_testdata                    bssBANK0     0000E6
_time                        bssBANK0     0000C3
_total_bottle_count          bssBANK0     0000E8
btemp                        temp         00007F
dec_to_hex@hexnum            cstackCOMRAM 00006F
dec_to_hex@i                 cstackCOMRAM 00006D
dec_to_hex@num               cstackCOMRAM 000063
dec_to_hex@quotient          cstackCOMRAM 000071
dec_to_hex@temp              cstackCOMRAM 00006B
end_of_initialization        cinit        0030DE
eval_poly@d                  cstackCOMRAM 00002B
eval_poly@n                  cstackCOMRAM 00002D
eval_poly@res                cstackCOMRAM 000031
eval_poly@x                  cstackCOMRAM 000028
exp@coeff                    mediumconst  00FDBD
exp@exponent                 cstackCOMRAM 00004F
exp@sign                     cstackCOMRAM 000051
exp@x                        cstackCOMRAM 000049
floor@expon                  cstackCOMRAM 000047
floor@i                      cstackCOMRAM 000044
floor@x                      cstackCOMRAM 000041
frexp@eptr                   cstackCOMRAM 000004
frexp@value                  cstackCOMRAM 000001
getRTC@j                     cstackBANK0  000093
i2I2C_Master_Read@a          cstackCOMRAM 000002
i2I2C_Master_Read@temp       cstackCOMRAM 000003
i2I2C_Master_Write@d         cstackCOMRAM 000002
i2_I2C_Master_Read           text44       00335A
i2_I2C_Master_Start          text43       0034C0
i2_I2C_Master_Stop           text42       0034B8
i2_I2C_Master_Wait           text45       00344A
i2_I2C_Master_Write          text41       00349E
i2___lwdiv                   text34       0030EC
i2___lwdiv@counter           cstackCOMRAM 000007
i2___lwdiv@dividend          cstackCOMRAM 000001
i2___lwdiv@divisor           cstackCOMRAM 000003
i2___lwdiv@quotient          cstackCOMRAM 000005
i2___lwmod                   text33       0031DC
i2___lwmod@counter           cstackCOMRAM 00000C
i2___lwmod@dividend          cstackCOMRAM 000008
i2___lwmod@divisor           cstackCOMRAM 00000A
i2___wmul                    text57       003380
i2___wmul@multiplicand       cstackCOMRAM 000003
i2___wmul@multiplier         cstackCOMRAM 000001
i2___wmul@product            cstackCOMRAM 000005
i2_isdigit                   text32       0033EC
i2_isdigit$962               cstackCOMRAM 000002
i2_lcdInst                   text35       003488
i2_lcdNibble                 text36       00318E
i2_printf                    text30       00099A
i2_printf$741                cstackCOMRAM 000016
i2_printf$742                cstackCOMRAM 000018
i2_printf$748                cstackCOMRAM 00001A
i2_putch                     text31       00347C
i2_read_sensor               text29       0034CE
i2isdigit@c                  cstackCOMRAM 000003
i2lcdInst@data               cstackCOMRAM 000003
i2lcdNibble@data             cstackCOMRAM 000002
i2lcdNibble@temp             cstackCOMRAM 000001
i2printf@ap                  cstackCOMRAM 00001E
i2printf@c                   cstackCOMRAM 000025
i2printf@cp                  cstackCOMRAM 000014
i2printf@f                   cstackCOMRAM 00000D
i2printf@flag                cstackCOMRAM 000026
i2printf@idx                 cstackCOMRAM 000013
i2printf@len                 cstackCOMRAM 00001C
i2printf@prec                cstackCOMRAM 000022
i2printf@val                 cstackCOMRAM 000020
i2printf@width               cstackCOMRAM 000023
i2putch@data                 cstackCOMRAM 000003
int$flags                    temp         00007F
int_func                     intcode_body 001104
intlevel0                    text         000000
intlevel1                    text         000000
intlevel2                    text         000000
intlevel3                    text         000000
isdigit@c                    cstackBANK0  000092
isr@i                        cstackCOMRAM 000073
lcdInst@data                 cstackBANK0  000092
lcdNibble@data               cstackBANK0  000091
lcdNibble@temp               cstackBANK0  000090
ldexp@newexp                 cstackCOMRAM 000037
ldexp@value                  cstackCOMRAM 000034
log@coeff                    mediumconst  00FDDB
log@exponent                 cstackCOMRAM 000037
log@x                        cstackCOMRAM 000034
pow@sign                     cstackCOMRAM 00005E
pow@x                        cstackCOMRAM 000052
pow@y                        cstackCOMRAM 000055
pow@yi                       cstackCOMRAM 00005F
printf@ap                    cstackBANK0  0000B7
printf@c                     cstackBANK0  0000BE
printf@cp                    cstackBANK0  0000AC
printf@f                     cstackBANK0  00009C
printf@flag                  cstackBANK0  0000BF
printf@idx                   cstackBANK0  0000B4
printf@len                   cstackBANK0  0000B5
printf@prec                  cstackBANK0  0000BB
printf@val                   cstackBANK0  0000B9
printf@width                 cstackBANK0  0000BC
putch@data                   cstackBANK0  000092
read_time@i                  cstackCOMRAM 000004
servo_rotate0@degree         cstackCOMRAM 000001
servo_rotate0@duty           cstackCOMRAM 000005
servo_rotate0@i              cstackCOMRAM 000007
servo_rotate0@j              cstackCOMRAM 000009
servo_rotate1@degree         cstackCOMRAM 00000F
servo_rotate1@duty           cstackCOMRAM 000013
servo_rotate1@i              cstackCOMRAM 000015
servo_rotate1@j              cstackCOMRAM 000017
servo_rotate2@degree         cstackCOMRAM 00000F
servo_rotate2@duty           cstackCOMRAM 000013
servo_rotate2@i              cstackCOMRAM 000015
servo_rotate2@j              cstackCOMRAM 000017
stackhi                      (abs)        000F7F
stacklo                      (abs)        000118
start                        init         00000E
start_initialization         cinit        00309A


FUNCTION INFORMATION:

 *************** function _main *****************
 Defined at:
		line 89 in file "main.c"
 Parameters:    Size  Location     Type
		None
 Auto vars:     Size  Location     Type
		None
 Return value:  Size  Location     Type
                  1    wreg      void 
 Registers used:
		wreg, fsr2l, fsr2h, status,2, status,0, tblptrl, tblptrh, tblptru, prodl, prodh, cstack
 Tracked objects:
		On entry : 
		On exit  : 
		Unchanged: 
 Data sizes:     COMRAM   BANK0   BANK1   BANK2   BANK3   BANK4   BANK5   BANK6   BANK7   BANK8   BANK9  BANK10  BANK11  BANK12  BANK13  BANK14  BANK15
      Params:         0       0       0       0       0       0       0       0       0       0       0       0       0       0       0       0       0
      Locals:         0       0       0       0       0       0       0       0       0       0       0       0       0       0       0       0       0
      Temps:          0       0       2       0       0       0       0       0       0       0       0       0       0       0       0       0       0
      Totals:         0       0       2       0       0       0       0       0       0       0       0       0       0       0       0       0       0
Total ram usage:        2 bytes
 Hardware stack levels required when called:   11
 This function calls:
		_I2C_Master_Init
		_bottle_count
		_bottle_time
		_display_log
		_emergencystop
		_initLCD
		_operation
		_operationend
		_standby
 This function is called by:
		Startup code after reset
 This function uses a non-reentrant model


 *************** function _standby *****************
 Defined at:
		line 369 in file "main.c"
 Parameters:    Size  Location     Type
		None
 Auto vars:     Size  Location     Type
		None
 Return value:  Size  Location     Type
                  1    wreg      void 
 Registers used:
		wreg, fsr2l, fsr2h, status,2, status,0, tblptrl, tblptrh, tblptru, prodl, prodh, cstack
 Tracked objects:
		On entry : 
		On exit  : 
		Unchanged: 
 Data sizes:     COMRAM   BANK0   BANK1   BANK2   BANK3   BANK4   BANK5   BANK6   BANK7   BANK8   BANK9  BANK10  BANK11  BANK12  BANK13  BANK14  BANK15
      Params:         0       0       0       0       0       0       0       0       0       0       0       0       0       0       0       0       0
      Locals:         0       0       0       0       0       0       0       0       0       0       0       0       0       0       0       0       0
      Temps:          0       0       0       0       0       0       0       0       0       0       0       0       0       0       0       0       0
      Totals:         0       0       0       0       0       0       0       0       0       0       0       0       0       0       0       0       0
Total ram usage:        0 bytes
 Hardware stack levels used:    1
 Hardware stack levels required when called:   10
 This function calls:
		_getRTC
		_lcdInst
		_printf
 This function is called by:
		_main
 This function uses a non-reentrant model


 *************** function _getRTC *****************
 Defined at:
		line 351 in file "main.c"
 Parameters:    Size  Location     Type
		None
 Auto vars:     Size  Location     Type
  j               1   19[BANK0 ] unsigned char 
 Return value:  Size  Location     Type
                  1    wreg      void 
 Registers used:
		wreg, fsr2l, fsr2h, status,2, status,0, prodl, prodh, cstack
 Tracked objects:
		On entry : 
		On exit  : 
		Unchanged: 
 Data sizes:     COMRAM   BANK0   BANK1   BANK2   BANK3   BANK4   BANK5   BANK6   BANK7   BANK8   BANK9  BANK10  BANK11  BANK12  BANK13  BANK14  BANK15
      Params:         0       0       0       0       0       0       0       0       0       0       0       0       0       0       0       0       0
      Locals:         0       1       0       0       0       0       0       0       0       0       0       0       0       0       0       0       0
      Temps:          0       0       0       0       0       0       0       0       0       0       0       0       0       0       0       0       0
      Totals:         0       1       0       0       0       0       0       0       0       0       0       0       0       0       0       0       0
Total ram usage:        1 bytes
 Hardware stack levels used:    1
 Hardware stack levels required when called:    9
 This function calls:
		_I2C_Master_Read
		_I2C_Master_Start
		_I2C_Master_Stop
		_I2C_Master_Write
 This function is called by:
		_standby
 This function uses a non-reentrant model


 *************** function _I2C_Master_Write *****************
 Defined at:
		line 47 in file "I2C.c"
 Parameters:    Size  Location     Type
  d               2   17[BANK0 ] unsigned int 
 Auto vars:     Size  Location     Type
		None
 Return value:  Size  Location     Type
                  1    wreg      void 
 Registers used:
		wreg, status,2, status,0, cstack
 Tracked objects:
		On entry : 
		On exit  : 
		Unchanged: 
 Data sizes:     COMRAM   BANK0   BANK1   BANK2   BANK3   BANK4   BANK5   BANK6   BANK7   BANK8   BANK9  BANK10  BANK11  BANK12  BANK13  BANK14  BANK15
      Params:         0       2       0       0       0       0       0       0       0       0       0       0       0       0       0       0       0
      Locals:         0       0       0       0       0       0       0       0       0       0       0       0       0       0       0       0       0
      Temps:          0       0       0       0       0       0       0       0       0       0       0       0       0       0       0       0       0
      Totals:         0       2       0       0       0       0       0       0       0       0       0       0       0       0       0       0       0
Total ram usage:        2 bytes
 Hardware stack levels used:    1
 Hardware stack levels required when called:    8
 This function calls:
		_I2C_Master_Wait
 This function is called by:
		_getRTC
		_I2C_ColorSens_Init
		_set_time
		_date_time
 This function uses a non-reentrant model


 *************** function _I2C_Master_Stop *****************
 Defined at:
		line 41 in file "I2C.c"
 Parameters:    Size  Location     Type
		None
 Auto vars:     Size  Location     Type
		None
 Return value:  Size  Location     Type
                  1    wreg      void 
 Registers used:
		wreg, status,2, status,0, cstack
 Tracked objects:
		On entry : 
		On exit  : 
		Unchanged: 
 Data sizes:     COMRAM   BANK0   BANK1   BANK2   BANK3   BANK4   BANK5   BANK6   BANK7   BANK8   BANK9  BANK10  BANK11  BANK12  BANK13  BANK14  BANK15
      Params:         0       0       0       0       0       0       0       0       0       0       0       0       0       0       0       0       0
      Locals:         0       0       0       0       0       0       0       0       0       0       0       0       0       0       0       0       0
      Temps:          0       0       0       0       0       0       0       0       0       0       0       0       0       0       0       0       0
      Totals:         0       0       0       0       0       0       0       0       0       0       0       0       0       0       0       0       0
Total ram usage:        0 bytes
 Hardware stack levels used:    1
 Hardware stack levels required when called:    8
 This function calls:
		_I2C_Master_Wait
 This function is called by:
		_getRTC
		_I2C_ColorSens_Init
		_set_time
		_date_time
 This function uses a non-reentrant model


 *************** function _I2C_Master_Start *****************
 Defined at:
		line 29 in file "I2C.c"
 Parameters:    Size  Location     Type
		None
 Auto vars:     Size  Location     Type
		None
 Return value:  Size  Location     Type
                  1    wreg      void 
 Registers used:
		wreg, status,2, status,0, cstack
 Tracked objects:
		On entry : 
		On exit  : 
		Unchanged: 
 Data sizes:     COMRAM   BANK0   BANK1   BANK2   BANK3   BANK4   BANK5   BANK6   BANK7   BANK8   BANK9  BANK10  BANK11  BANK12  BANK13  BANK14  BANK15
      Params:         0       0       0       0       0       0       0       0       0       0       0       0       0       0       0       0       0
      Locals:         0       0       0       0       0       0       0       0       0       0       0       0       0       0       0       0       0
      Temps:          0       0       0       0       0       0       0       0       0       0       0       0       0       0       0       0       0
      Totals:         0       0       0       0       0       0       0       0       0       0       0       0       0       0       0       0       0
Total ram usage:        0 bytes
 Hardware stack levels used:    1
 Hardware stack levels required when called:    8
 This function calls:
		_I2C_Master_Wait
 This function is called by:
		_getRTC
		_I2C_ColorSens_Init
		_set_time
		_date_time
 This function uses a non-reentrant model


 *************** function _I2C_Master_Read *****************
 Defined at:
		line 61 in file "I2C.c"
 Parameters:    Size  Location     Type
  a               1    wreg     unsigned char 
 Auto vars:     Size  Location     Type
  a               1   17[BANK0 ] unsigned char 
  temp            1   18[BANK0 ] unsigned char 
 Return value:  Size  Location     Type
                  1    wreg      unsigned char 
 Registers used:
		wreg, status,2, status,0, cstack
 Tracked objects:
		On entry : 
		On exit  : 
		Unchanged: 
 Data sizes:     COMRAM   BANK0   BANK1   BANK2   BANK3   BANK4   BANK5   BANK6   BANK7   BANK8   BANK9  BANK10  BANK11  BANK12  BANK13  BANK14  BANK15
      Params:         0       0       0       0       0       0       0       0       0       0       0       0       0       0       0       0       0
      Locals:         0       2       0       0       0       0       0       0       0       0       0       0       0       0       0       0       0
      Temps:          0       0       0       0       0       0       0       0       0       0       0       0       0       0       0       0       0
      Totals:         0       2       0       0       0       0       0       0       0       0       0       0       0       0       0       0       0
Total ram usage:        2 bytes
 Hardware stack levels used:    1
 Hardware stack levels required when called:    8
 This function calls:
		_I2C_Master_Wait
 This function is called by:
		_getRTC
		_date_time
 This function uses a non-reentrant model


 *************** function _I2C_Master_Wait *****************
 Defined at:
		line 24 in file "I2C.c"
 Parameters:    Size  Location     Type
		None
 Auto vars:     Size  Location     Type
		None
 Return value:  Size  Location     Type
                  1    wreg      void 
 Registers used:
		wreg, status,2, status,0
 Tracked objects:
		On entry : 
		On exit  : 
		Unchanged: 
 Data sizes:     COMRAM   BANK0   BANK1   BANK2   BANK3   BANK4   BANK5   BANK6   BANK7   BANK8   BANK9  BANK10  BANK11  BANK12  BANK13  BANK14  BANK15
      Params:         0       0       0       0       0       0       0       0       0       0       0       0       0       0       0       0       0
      Locals:         0       0       0       0       0       0       0       0       0       0       0       0       0       0       0       0       0
      Temps:          0       1       0       0       0       0       0       0       0       0       0       0       0       0       0       0       0
      Totals:         0       1       0       0       0       0       0       0       0       0       0       0       0       0       0       0       0
Total ram usage:        1 bytes
 Hardware stack levels used:    1
 Hardware stack levels required when called:    7
 This function calls:
		Nothing
 This function is called by:
		_I2C_Master_Start
		_I2C_Master_Stop
		_I2C_Master_Write
		_I2C_Master_Read
		_I2C_Master_RepeatedStart
 This function uses a non-reentrant model


 *************** function _operationend *****************
 Defined at:
		line 599 in file "main.c"
 Parameters:    Size  Location     Type
		None
 Auto vars:     Size  Location     Type
		None
 Return value:  Size  Location     Type
                  1    wreg      void 
 Registers used:
		wreg, fsr2l, fsr2h, status,2, status,0, tblptrl, tblptrh, tblptru, prodl, prodh, cstack
 Tracked objects:
		On entry : 
		On exit  : 
		Unchanged: 
 Data sizes:     COMRAM   BANK0   BANK1   BANK2   BANK3   BANK4   BANK5   BANK6   BANK7   BANK8   BANK9  BANK10  BANK11  BANK12  BANK13  BANK14  BANK15
      Params:         0       0       0       0       0       0       0       0       0       0       0       0       0       0       0       0       0
      Locals:         0       0       0       0       0       0       0       0       0       0       0       0       0       0       0       0       0
      Temps:          0       0       0       0       0       0       0       0       0       0       0       0       0       0       0       0       0
      Totals:         0       0       0       0       0       0       0       0       0       0       0       0       0       0       0       0       0
Total ram usage:        0 bytes
 Hardware stack levels used:    1
 Hardware stack levels required when called:   10
 This function calls:
		_lcdInst
		_printf
 This function is called by:
		_main
 This function uses a non-reentrant model


 *************** function _operation *****************
 Defined at:
		line 564 in file "main.c"
 Parameters:    Size  Location     Type
		None
 Auto vars:     Size  Location     Type
		None
 Return value:  Size  Location     Type
                  1    wreg      void 
 Registers used:
		wreg, fsr2l, fsr2h, status,2, status,0, tblptrl, tblptrh, tblptru, prodl, prodh, cstack
 Tracked objects:
		On entry : 
		On exit  : 
		Unchanged: 
 Data sizes:     COMRAM   BANK0   BANK1   BANK2   BANK3   BANK4   BANK5   BANK6   BANK7   BANK8   BANK9  BANK10  BANK11  BANK12  BANK13  BANK14  BANK15
      Params:         0       0       0       0       0       0       0       0       0       0       0       0       0       0       0       0       0
      Locals:         0       0       0       0       0       0       0       0       0       0       0       0       0       0       0       0       0
      Temps:          0       2       0       0       0       0       0       0       0       0       0       0       0       0       0       0       0
      Totals:         0       2       0       0       0       0       0       0       0       0       0       0       0       0       0       0       0
Total ram usage:        2 bytes
 Hardware stack levels used:    1
 Hardware stack levels required when called:   10
 This function calls:
		_lcdInst
		_printf
		_read_sensor
 This function is called by:
		_main
 This function uses a non-reentrant model


 *************** function _read_sensor *****************
 Defined at:
		line 655 in file "main.c"
 Parameters:    Size  Location     Type
		None
 Auto vars:     Size  Location     Type
		None
 Return value:  Size  Location     Type
                  1    wreg      void 
 Registers used:
		None
 Tracked objects:
		On entry : 
		On exit  : 
		Unchanged: 
 Data sizes:     COMRAM   BANK0   BANK1   BANK2   BANK3   BANK4   BANK5   BANK6   BANK7   BANK8   BANK9  BANK10  BANK11  BANK12  BANK13  BANK14  BANK15
      Params:         0       0       0       0       0       0       0       0       0       0       0       0       0       0       0       0       0
      Locals:         0       0       0       0       0       0       0       0       0       0       0       0       0       0       0       0       0
      Temps:          0       0       0       0       0       0       0       0       0       0       0       0       0       0       0       0       0
[...]
Total ram usage:       15 bytes
 Hardware stack levels used:    1
 Hardware stack levels required when called:    1
 This function calls:
		___ftpack
 This function is called by:
		_dec_to_hex
		_pow
		_exp
		_log
		_eval_poly
 This function uses a non-reentrant model


 *************** function ___ftsub *****************
 Defined at:
		line 20 in file "/Applications/microchip/xc8/v1.40/sources/common/ftsub.c"
 Parameters:    Size  Location     Type
  f1              3   39[COMRAM] float 
  f2              3   42[COMRAM] float 
 Auto vars:     Size  Location     Type
		None
 Return value:  Size  Location     Type
                  3   39[COMRAM] float 
 Registers used:
		wreg, status,2, status,0, cstack
 Tracked objects:
		On entry : 
		On exit  : 
		Unchanged: 
 Data sizes:     COMRAM   BANK0   BANK1   BANK2   BANK3   BANK4   BANK5   BANK6   BANK7   BANK8   BANK9  BANK10  BANK11  BANK12  BANK13  BANK14  BANK15
      Params:         6       0       0       0       0       0       0       0       0       0       0       0       0       0       0       0       0
      Locals:         0       0       0       0       0       0       0       0       0       0       0       0       0       0       0       0       0
      Temps:          0       0       0       0       0       0       0       0       0       0       0       0       0       0       0       0       0
      Totals:         6       0       0       0       0       0       0       0       0       0       0       0       0       0       0       0       0
Total ram usage:        6 bytes
 Hardware stack levels used:    1
 Hardware stack levels required when called:    2
 This function calls:
		___ftadd
 This function is called by:
		_exp
 This function uses a non-reentrant model


 *************** function ___ftadd *****************
 Defined at:
		line 86 in file "/Applications/microchip/xc8/v1.40/sources/common/ftadd.c"
 Parameters:    Size  Location     Type
  f1              3   27[COMRAM] float 
  f2              3   30[COMRAM] float 
 Auto vars:     Size  Location     Type
  exp1            1   38[COMRAM] unsigned char 
  exp2            1   37[COMRAM] unsigned char 
  sign            1   36[COMRAM] unsigned char 
 Return value:  Size  Location     Type
                  3   27[COMRAM] float 
 Registers used:
		wreg, status,2, status,0, cstack
 Tracked objects:
		On entry : 
		On exit  : 
		Unchanged: 
 Data sizes:     COMRAM   BANK0   BANK1   BANK2   BANK3   BANK4   BANK5   BANK6   BANK7   BANK8   BANK9  BANK10  BANK11  BANK12  BANK13  BANK14  BANK15
      Params:         6       0       0       0       0       0       0       0       0       0       0       0       0       0       0       0       0
      Locals:         3       0       0       0       0       0       0       0       0       0       0       0       0       0       0       0       0
      Temps:          3       0       0       0       0       0       0       0       0       0       0       0       0       0       0       0       0
      Totals:        12       0       0       0       0       0       0       0       0       0       0       0       0       0       0       0       0
Total ram usage:       12 bytes
 Hardware stack levels used:    1
 Hardware stack levels required when called:    1
 This function calls:
		___ftpack
 This function is called by:
		_dec_to_hex
		___ftsub
		_floor
		_log
		_eval_poly
 This function uses a non-reentrant model


 *************** function ___ftneg *****************
 Defined at:
		line 15 in file "/Applications/microchip/xc8/v1.40/sources/common/ftneg.c"
 Parameters:    Size  Location     Type
  f1              3    0[COMRAM] float 
 Auto vars:     Size  Location     Type
		None
 Return value:  Size  Location     Type
                  3    0[COMRAM] float 
 Registers used:
		wreg, status,2, status,0
 Tracked objects:
		On entry : 
		On exit  : 
		Unchanged: 
 Data sizes:     COMRAM   BANK0   BANK1   BANK2   BANK3   BANK4   BANK5   BANK6   BANK7   BANK8   BANK9  BANK10  BANK11  BANK12  BANK13  BANK14  BANK15
      Params:         3       0       0       0       0       0       0       0       0       0       0       0       0       0       0       0       0
      Locals:         0       0       0       0       0       0       0       0       0       0       0       0       0       0       0       0       0
      Temps:          0       0       0       0       0       0       0       0       0       0       0       0       0       0       0       0       0
      Totals:         3       0       0       0       0       0       0       0       0       0       0       0       0       0       0       0       0
Total ram usage:        3 bytes
 Hardware stack levels used:    1
 This function calls:
		Nothing
 This function is called by:
		_pow
		_exp
 This function uses a non-reentrant model


 *************** function ___ftdiv *****************
 Defined at:
		line 54 in file "/Applications/microchip/xc8/v1.40/sources/common/ftdiv.c"
 Parameters:    Size  Location     Type
  f1              3    8[COMRAM] float 
  f2              3   11[COMRAM] float 
 Auto vars:     Size  Location     Type
  f3              3   18[COMRAM] float 
  sign            1   22[COMRAM] unsigned char 
  exp             1   21[COMRAM] unsigned char 
  cntr            1   17[COMRAM] unsigned char 
 Return value:  Size  Location     Type
                  3    8[COMRAM] float 
 Registers used:
		wreg, status,2, status,0, cstack
 Tracked objects:
		On entry : 
		On exit  : 
		Unchanged: 
 Data sizes:     COMRAM   BANK0   BANK1   BANK2   BANK3   BANK4   BANK5   BANK6   BANK7   BANK8   BANK9  BANK10  BANK11  BANK12  BANK13  BANK14  BANK15
      Params:         6       0       0       0       0       0       0       0       0       0       0       0       0       0       0       0       0
      Locals:         6       0       0       0       0       0       0       0       0       0       0       0       0       0       0       0       0
      Temps:          3       0       0       0       0       0       0       0       0       0       0       0       0       0       0       0       0
      Totals:        15       0       0       0       0       0       0       0       0       0       0       0       0       0       0       0       0
Total ram usage:       15 bytes
 Hardware stack levels used:    1
 Hardware stack levels required when called:    1
 This function calls:
		___ftpack
 This function is called by:
		_exp
 This function uses a non-reentrant model


 *************** function ___awtoft *****************
 Defined at:
		line 32 in file "/Applications/microchip/xc8/v1.40/sources/common/awtoft.c"
 Parameters:    Size  Location     Type
  c               2    8[COMRAM] int 
 Auto vars:     Size  Location     Type
  sign            1   11[COMRAM] unsigned char 
 Return value:  Size  Location     Type
                  3    8[COMRAM] float 
 Registers used:
		wreg, status,2, status,0, cstack
 Tracked objects:
		On entry : 
		On exit  : 
		Unchanged: 
 Data sizes:     COMRAM   BANK0   BANK1   BANK2   BANK3   BANK4   BANK5   BANK6   BANK7   BANK8   BANK9  BANK10  BANK11  BANK12  BANK13  BANK14  BANK15
      Params:         3       0       0       0       0       0       0       0       0       0       0       0       0       0       0       0       0
      Locals:         1       0       0       0       0       0       0       0       0       0       0       0       0       0       0       0       0
      Temps:          0       0       0       0       0       0       0       0       0       0       0       0       0       0       0       0       0
      Totals:         4       0       0       0       0       0       0       0       0       0       0       0       0       0       0       0       0
Total ram usage:        4 bytes
 Hardware stack levels used:    1
 Hardware stack levels required when called:    1
 This function calls:
		___ftpack
 This function is called by:
		_dec_to_hex
		_exp
		_log
 This function uses a non-reentrant model


 *************** function ___lltoft *****************
 Defined at:
		line 35 in file "/Applications/microchip/xc8/v1.40/sources/common/lltoft.c"
 Parameters:    Size  Location     Type
  c               4    8[COMRAM] unsigned long 
 Auto vars:     Size  Location     Type
  exp             1   16[COMRAM] unsigned char 
 Return value:  Size  Location     Type
                  3    8[COMRAM] float 
 Registers used:
		wreg, status,2, status,0, cstack
 Tracked objects:
		On entry : 
		On exit  : 
		Unchanged: 
 Data sizes:     COMRAM   BANK0   BANK1   BANK2   BANK3   BANK4   BANK5   BANK6   BANK7   BANK8   BANK9  BANK10  BANK11  BANK12  BANK13  BANK14  BANK15
      Params:         4       0       0       0       0       0       0       0       0       0       0       0       0       0       0       0       0
      Locals:         1       0       0       0       0       0       0       0       0       0       0       0       0       0       0       0       0
      Temps:          4       0       0       0       0       0       0       0       0       0       0       0       0       0       0       0       0
      Totals:         9       0       0       0       0       0       0       0       0       0       0       0       0       0       0       0       0
Total ram usage:        9 bytes
 Hardware stack levels used:    1
 Hardware stack levels required when called:    1
 This function calls:
		___ftpack
 This function is called by:
		_pow
 This function uses a non-reentrant model


 *************** function ___ftpack *****************
 Defined at:
		line 62 in file "/Applications/microchip/xc8/v1.40/sources/common/float.c"
 Parameters:    Size  Location     Type
  arg             3    0[COMRAM] unsigned um
  exp             1    3[COMRAM] unsigned char 
  sign            1    4[COMRAM] unsigned char 
 Auto vars:     Size  Location     Type
		None
 Return value:  Size  Location     Type
                  3    0[COMRAM] float 
 Registers used:
		wreg, status,2, status,0
 Tracked objects:
		On entry : 
		On exit  : 
		Unchanged: 
 Data sizes:     COMRAM   BANK0   BANK1   BANK2   BANK3   BANK4   BANK5   BANK6   BANK7   BANK8   BANK9  BANK10  BANK11  BANK12  BANK13  BANK14  BANK15
      Params:         5       0       0       0       0       0       0       0       0       0       0       0       0       0       0       0       0
      Locals:         0       0       0       0       0       0       0       0       0       0       0       0       0       0       0       0       0
      Temps:          3       0       0       0       0       0       0       0       0       0       0       0       0       0       0       0       0
      Totals:         8       0       0       0       0       0       0       0       0       0       0       0       0       0       0       0       0
Total ram usage:        8 bytes
 Hardware stack levels used:    1
 This function calls:
		Nothing
 This function is called by:
		___altoft
		___awtoft
		___ftadd
		___ftdiv
		___ftmul
		___lltoft
 This function uses a non-reentrant model


 *************** function ___awdiv *****************
 Defined at:
		line 8 in file "/Applications/microchip/xc8/v1.40/sources/common/awdiv.c"
 Parameters:    Size  Location     Type
  dividend        2    6[COMRAM] int 
  divisor         2    8[COMRAM] int 
 Auto vars:     Size  Location     Type
  quotient        2   12[COMRAM] int 
  sign            1   11[COMRAM] unsigned char 
  counter         1   10[COMRAM] unsigned char 
 Return value:  Size  Location     Type
                  2    6[COMRAM] int 
 Registers used:
		wreg, status,2, status,0
 Tracked objects:
		On entry : 
		On exit  : 
		Unchanged: 
 Data sizes:     COMRAM   BANK0   BANK1   BANK2   BANK3   BANK4   BANK5   BANK6   BANK7   BANK8   BANK9  BANK10  BANK11  BANK12  BANK13  BANK14  BANK15
      Params:         4       0       0       0       0       0       0       0       0       0       0       0       0       0       0       0       0
      Locals:         4       0       0       0       0       0       0       0       0       0       0       0       0       0       0       0       0
      Temps:          0       0       0       0       0       0       0       0       0       0       0       0       0       0       0       0       0
      Totals:         8       0       0       0       0       0       0       0       0       0       0       0       0       0       0       0       0
Total ram usage:        8 bytes
 Hardware stack levels used:    1
 This function calls:
		Nothing
 This function is called by:
		_dec_to_hex
		_servo_rotate1
		_servo_rotate2
 This function uses a non-reentrant model



MODULE INFORMATION

Module		Function		Class		Link	Load	Size
/Applications/microchip/xc8/v1.40/sources/common/ftneg.c
		___ftneg       		CODE           	33A6	0000	37

/Applications/microchip/xc8/v1.40/sources/common/ftneg.c estimated size: 37

/Applications/microchip/xc8/v1.40/sources/common/awtoft.c
		___awtoft      		CODE           	325E	0000	57

/Applications/microchip/xc8/v1.40/sources/common/awtoft.c estimated size: 57

/Applications/microchip/xc8/v1.40/sources/common/altoft.c
		___altoft      		CODE           	2D64	0000	121

/Applications/microchip/xc8/v1.40/sources/common/altoft.c estimated size: 121

/Applications/microchip/xc8/v1.40/sources/common/ftsub.c
		___ftsub       		CODE           	321E	0000	65

/Applications/microchip/xc8/v1.40/sources/common/ftsub.c estimated size: 65

/Applications/microchip/xc8/v1.40/sources/common/float.c
		___ftpack      		CODE           	2968	0000	175

/Applications/microchip/xc8/v1.40/sources/common/float.c estimated size: 175

/Applications/microchip/xc8/v1.40/sources/common/lwmod.c
		___lwmod       		CODE           	2F1C	0000	99

/Applications/microchip/xc8/v1.40/sources/common/lwmod.c estimated size: 99

/Applications/microchip/xc8/v1.40/sources/common/awmod.c
		___awmod       		CODE           	2A16	0000	163

/Applications/microchip/xc8/v1.40/sources/common/awmod.c estimated size: 163

/Applications/microchip/xc8/v1.40/sources/common/lltoft.c
		___lltoft      		CODE           	303E	0000	93

/Applications/microchip/xc8/v1.40/sources/common/lltoft.c estimated size: 93

I2C.c
		_I2C_Master_Read		CODE           	3302	0000	47
		_I2C_Master_Wait		CODE           	3422	0000	21
		_I2C_Master_Init		CODE           	2FDE	0000	97
		_I2C_Master_Stop		CODE           	34A8	0000	9
		_I2C_Master_Write		CODE           	3494	0000	11
		_I2C_Master_Start		CODE           	34B0	0000	9

I2C.c estimated size: 194

/Applications/microchip/xc8/v1.40/sources/common/frexp.c
		_ldexp         		CODE           	267E	0000	199
		_frexp         		CODE           	2B48	0000	145

/Applications/microchip/xc8/v1.40/sources/common/frexp.c estimated size: 344

/Applications/microchip/xc8/v1.40/sources/common/floor.c
		_floor         		CODE           	24CE	0000	223

/Applications/microchip/xc8/v1.40/sources/common/floor.c estimated size: 223

/Applications/microchip/xc8/v1.40/sources/common/ftmul.c
		___ftmul       		CODE           	220E	0000	245

/Applications/microchip/xc8/v1.40/sources/common/ftmul.c estimated size: 245

/Applications/microchip/xc8/v1.40/sources/common/exp.c
		_exp           		CODE           	17F6	0000	489

/Applications/microchip/xc8/v1.40/sources/common/exp.c estimated size: 489

/Applications/microchip/xc8/v1.40/sources/common/doprnt.c
		_printf        		CODE           	0012	0000	2441

/Applications/microchip/xc8/v1.40/sources/common/doprnt.c estimated size: 2441

/Applications/microchip/xc8/v1.40/sources/common/ftdiv.c
		___ftdiv       		CODE           	23E8	0000	231

/Applications/microchip/xc8/v1.40/sources/common/ftdiv.c estimated size: 231

/Applications/microchip/xc8/v1.40/sources/common/lwdiv.c
		___lwdiv       		CODE           	2CEC	0000	121

/Applications/microchip/xc8/v1.40/sources/common/lwdiv.c estimated size: 121

/Applications/microchip/xc8/v1.40/sources/common/awdiv.c
		___awdiv       		CODE           	2C68	0000	133

/Applications/microchip/xc8/v1.40/sources/common/awdiv.c estimated size: 133

/Applications/microchip/xc8/v1.40/sources/common/Umul16.c
		___wmul        		CODE           	32CC	0000	55

/Applications/microchip/xc8/v1.40/sources/common/Umul16.c estimated size: 55

/Applications/microchip/xc8/v1.40/sources/common/ftge.c
		___ftge        		CODE           	2BD8	0000	145

/Applications/microchip/xc8/v1.40/sources/common/ftge.c estimated size: 145

/Applications/microchip/xc8/v1.40/sources/common/lldiv.c
		___lldiv       		CODE           	2744	0000	189

/Applications/microchip/xc8/v1.40/sources/common/lldiv.c estimated size: 189

shared
		i2_printf      		CODE           	099A	0000	1899
		exp@coeff      		MEDIUMCONST    	FDBD	0000	31
		i2_I2C_Master_Start		CODE           	34C0	0000	9
		i2_putch       		CODE           	347C	0000	13
		i2_lcdNibble   		CODE           	318E	0000	79
		_dpowers       		MEDIUMCONST    	FDA4	0000	11
		i2___lwdiv     		CODE           	30EC	0000	83
		i2_isdigit     		CODE           	33EC	0000	31
		_currentTime   		MEDIUMCONST    	FDB6	0000	8
		i2___wmul      		CODE           	3380	0000	39
		i2_I2C_Master_Read		CODE           	335A	0000	39
		i2___lwmod     		CODE           	31DC	0000	67
		_keys          		MEDIUMCONST    	FD87	0000	18
		__initialization		CODE           	309A	0000	69
		_octpowers     		MEDIUMCONST    	FD98	0000	13
		i2_I2C_Master_Wait		CODE           	344A	0000	19
		_hexpowers     		MEDIUMCONST    	FDAE	0000	9
		i2_I2C_Master_Stop		CODE           	34B8	0000	9
		log@coeff      		MEDIUMCONST    	FDDB	0000	28
		i2_lcdInst     		CODE           	3488	0000	13
		i2_I2C_Master_Write		CODE           	349E	0000	11
		i2_read_sensor 		CODE           	34CE	0000	3

shared estimated size: 2501

/Applications/microchip/xc8/v1.40/sources/common/fttol.c
		___fttol       		CODE           	211A	0000	245

/Applications/microchip/xc8/v1.40/sources/common/fttol.c estimated size: 245

/Applications/microchip/xc8/v1.40/sources/common/log.c
		_log           		CODE           	1D00	0000	287

/Applications/microchip/xc8/v1.40/sources/common/log.c estimated size: 287

lcd.c
		_putch         		CODE           	345C	0000	17
		_lcdInst       		CODE           	346C	0000	17
		_lcdNibble     		CODE           	2F7E	0000	97
		_initLCD       		CODE           	313E	0000	81

lcd.c estimated size: 212

/Applications/microchip/xc8/v1.40/sources/common/ftadd.c
		___ftadd       		CODE           	19DE	0000	429

/Applications/microchip/xc8/v1.40/sources/common/ftadd.c estimated size: 429

/Applications/microchip/xc8/v1.40/sources/common/isdigit.c
		_isdigit       		CODE           	3330	0000	43

/Applications/microchip/xc8/v1.40/sources/common/isdigit.c estimated size: 43

/Applications/microchip/xc8/v1.40/sources/common/pow.c
		_pow           		CODE           	1B8A	0000	375

/Applications/microchip/xc8/v1.40/sources/common/pow.c estimated size: 375

main.c
		_bottle_time   		CODE           	3296	0000	55
		_display_log   		CODE           	15DA	0000	541
		_bottle_count  		CODE           	1E1E	0000	269
		_dec_to_hex    		CODE           	1F2A	0000	253
		_main          		CODE           	2026	0000	245
		_isr           		CODE           	0008	0000	1245
		_standby       		CODE           	2EBA	0000	99
		_operation     		CODE           	2302	0000	231
		_read_sensor   		CODE           	34CC	0000	3
		_operationend  		CODE           	340A	0000	25
		_read_time     		CODE           	2E52	0000	105
		_servo_rotate0 		CODE           	2AB8	0000	145
		_servo_rotate1 		CODE           	28B4	0000	181
		_servo_rotate2 		CODE           	2800	0000	181
		_keycheck      		CODE           	3436	0000	21
		_getRTC        		CODE           	2DDC	0000	119
		_emergencystop 		CODE           	33CA	0000	35

main.c estimated size: 3753

/Applications/microchip/xc8/v1.40/sources/common/evalpoly.c
		_eval_poly     		CODE           	25AC	0000	211

/Applications/microchip/xc8/v1.40/sources/common/evalpoly.c estimated size: 211

